// Jest Snapshot v1, https://goo.gl/fbAQLP

exports[`EventsTimeline renders correctly 1`] = `
<styled.div>
  <VerticalTimeline
    animate={true}
    className=""
    layout="1-column"
  >
    <Component
      event={
        Object {
          "care_recipient_id": "care-recipient-id-123",
          "event_type": "alert_raised",
          "id": "event-id-A",
          "timestamp": 2019-04-24T02:00:11.187Z,
        }
      }
      key="event-id-A"
    />
    <Component
      event={
        Object {
          "care_recipient_id": "care-recipient-id-123",
          "event_type": "alert_raised",
          "id": "event-id-B",
          "timestamp": 2019-05-24T02:00:11.187Z,
        }
      }
      key="event-id-B"
    />
  </VerticalTimeline>
</styled.div>
`;
