// Jest Snapshot v1, https://goo.gl/fbAQLP

exports[`SubTitle renders correctly 1`] = `
<StyledComponent
  forwardedComponent={
    Object {
      "$$typeof": Symbol(react.forward_ref),
      "attrs": Array [],
      "componentStyle": ComponentStyle {
        "componentId": "sc-bdVaJa",
        "isStatic": false,
        "rules": Array [
          "
      font-family: sans-serif;
      font-size: 18px;
      margin-top: 0;
    ",
        ],
      },
      "displayName": "styled.h3",
      "foldedComponentIds": Array [],
      "render": [Function],
      "styledComponentId": "sc-bdVaJa",
      "target": "h3",
      "toString": [Function],
      "warnTooManyClasses": [Function],
      "withComponent": [Function],
    }
  }
  forwardedRef={null}
>
  Welcome to the Birdie platform
</StyledComponent>
`;
